0 verbose cli /data/data/com.termux/files/usr/bin/node /data/data/com.termux/files/usr/bin/npm
1 info using npm@11.12.1
2 info using node@v24.14.1
3 silly config load:file:/data/data/com.termux/files/usr/lib/node_modules/npm/npmrc
4 silly config load:file:/data/data/com.termux/files/home/.npmrc
5 silly config load:file:/data/data/com.termux/files/usr/etc/npmrc
6 verbose title npm create vite@latest monopoly-game --template react
7 verbose argv "create" "vite@latest" "monopoly-game" "--" "--template" "react"
8 verbose logfile logs-max:10 dir:/data/data/com.termux/files/home/.npm/_logs/2026-04-14T09_04_30_160Z-
9 verbose logfile /data/data/com.termux/files/home/.npm/_logs/2026-04-14T09_04_30_160Z-debug-0.log
10 silly logfile done cleaning log files
11 silly packumentCache heap:1106247680 maxSize:276561920 maxEntrySize:138280960
12 http fetch GET 200 https://registry.npmjs.org/npm 9036ms
13 http fetch GET 200 https://registry.npmjs.org/create-vite 9257ms (cache miss)
14 silly packumentCache heap:1106247680 maxSize:276561920 maxEntrySize:138280960
15 verbose stack Error: canceled
15 verbose stack     at exec (/data/data/com.termux/files/usr/lib/node_modules/npm/node_modules/libnpmexec/lib/index.js:296:19)
15 verbose stack     at process.processTicksAndRejections (node:internal/process/task_queues:104:5)
15 verbose stack     at async Init.execCreate (/data/data/com.termux/files/usr/lib/node_modules/npm/lib/commands/init.js:141:5)
15 verbose stack     at async Init.exec (/data/data/com.termux/files/usr/lib/node_modules/npm/lib/commands/init.js:46:14)
15 verbose stack     at async Npm.exec (/data/data/com.termux/files/usr/lib/node_modules/npm/lib/npm.js:193:9)
15 verbose stack     at async module.exports (/data/data/com.termux/files/usr/lib/node_modules/npm/lib/cli/entry.js:67:5)
16 error canceled
17 verbose cwd /data/data/com.termux/files/home
18 verbose os Linux 4.19.127-g13b42f503
19 verbose node v24.14.1
20 verbose npm  v11.12.1
21 verbose exit 1
22 verbose code 1
23 error A complete log of this run can be found in: /data/data/com.termux/files/home/.npm/_logs/2026-04-14T09_04_30_160Z-debug-0.log
