0 verbose cli /data/data/com.termux/files/usr/bin/node /data/data/com.termux/files/usr/bin/npm
1 info using npm@11.12.1
2 info using node@v24.14.1
3 silly config load:file:/data/data/com.termux/files/usr/lib/node_modules/npm/npmrc
4 silly config load:file:/data/data/com.termux/files/home/monopoly-game/.npmrc
5 silly config load:file:/data/data/com.termux/files/home/.npmrc
6 silly config load:file:/data/data/com.termux/files/usr/etc/npmrc
7 verbose title npm install
8 verbose argv "install"
9 verbose logfile logs-max:10 dir:/data/data/com.termux/files/home/.npm/_logs/2026-04-14T09_06_22_454Z-
10 verbose logfile /data/data/com.termux/files/home/.npm/_logs/2026-04-14T09_06_22_454Z-debug-0.log
11 silly logfile done cleaning log files
12 silly packumentCache heap:1106247680 maxSize:276561920 maxEntrySize:138280960
13 silly idealTree buildDeps
14 silly fetch manifest react@^19.2.4
15 silly packumentCache full:https://registry.npmjs.org/react cache-miss
16 http fetch GET 200 https://registry.npmjs.org/react 4068ms (cache miss)
17 silly packumentCache full:https://registry.npmjs.org/react set size:undefined disposed:false
18 silly fetch manifest react-dom@^19.2.4
19 silly packumentCache full:https://registry.npmjs.org/react-dom cache-miss
20 http fetch GET 200 https://registry.npmjs.org/react-dom 3476ms (cache miss)
21 silly packumentCache full:https://registry.npmjs.org/react-dom set size:undefined disposed:false
22 silly fetch manifest @eslint/js@^9.39.4
23 silly packumentCache full:https://registry.npmjs.org/@eslint%2fjs cache-miss
24 http fetch GET 200 https://registry.npmjs.org/@eslint%2fjs 1475ms (cache miss)
25 silly packumentCache full:https://registry.npmjs.org/@eslint%2fjs set size:undefined disposed:false
26 silly fetch manifest @types/react@^19.2.14
27 silly packumentCache full:https://registry.npmjs.org/@types%2freact cache-miss
28 http fetch GET 200 https://registry.npmjs.org/@types%2freact 399ms (cache miss)
29 silly packumentCache full:https://registry.npmjs.org/@types%2freact set size:undefined disposed:false
30 silly fetch manifest @types/react-dom@^19.2.3
31 silly packumentCache full:https://registry.npmjs.org/@types%2freact-dom cache-miss
32 http fetch GET 200 https://registry.npmjs.org/@types%2freact-dom 196ms (cache miss)
33 silly packumentCache full:https://registry.npmjs.org/@types%2freact-dom set size:undefined disposed:false
34 silly fetch manifest @vitejs/plugin-react@^6.0.1
35 silly packumentCache full:https://registry.npmjs.org/@vitejs%2fplugin-react cache-miss
36 http fetch GET 200 https://registry.npmjs.org/@vitejs%2fplugin-react 1106ms (cache miss)
37 silly packumentCache full:https://registry.npmjs.org/@vitejs%2fplugin-react set size:undefined disposed:false
38 silly fetch manifest @rolldown/plugin-babel@^0.1.7 || ^0.2.0
39 silly packumentCache full:https://registry.npmjs.org/@rolldown%2fplugin-babel cache-miss
40 http fetch GET 200 https://registry.npmjs.org/@rolldown%2fplugin-babel 1684ms (cache miss)
41 silly packumentCache full:https://registry.npmjs.org/@rolldown%2fplugin-babel set size:undefined disposed:false
42 silly fetch manifest @babel/core@^7.29.0 || ^8.0.0-rc.1
43 silly packumentCache full:https://registry.npmjs.org/@babel%2fcore cache-miss
44 http fetch GET 200 https://registry.npmjs.org/@babel%2fcore 556ms (cache miss)
45 silly packumentCache full:https://registry.npmjs.org/@babel%2fcore set size:undefined disposed:false
46 silly fetch manifest @babel/plugin-transform-runtime@^7.29.0 || ^8.0.0-rc.1
47 silly packumentCache full:https://registry.npmjs.org/@babel%2fplugin-transform-runtime cache-miss
48 http fetch GET 200 https://registry.npmjs.org/@babel%2fplugin-transform-runtime 1503ms (cache miss)
49 silly packumentCache full:https://registry.npmjs.org/@babel%2fplugin-transform-runtime set size:undefined disposed:false
50 silly fetch manifest @babel/runtime@^7.27.0 || ^8.0.0-rc.1
51 silly packumentCache full:https://registry.npmjs.org/@babel%2fruntime cache-miss
52 http fetch GET 200 https://registry.npmjs.org/@babel%2fruntime 545ms (cache miss)
53 silly packumentCache full:https://registry.npmjs.org/@babel%2fruntime set size:undefined disposed:false
54 silly fetch manifest rolldown@^1.0.0-rc.5
55 silly packumentCache full:https://registry.npmjs.org/rolldown cache-miss
56 http fetch GET 200 https://registry.npmjs.org/rolldown 707ms (cache miss)
57 silly packumentCache full:https://registry.npmjs.org/rolldown set size:undefined disposed:false
58 silly fetch manifest vite@^8.0.4
59 silly packumentCache full:https://registry.npmjs.org/vite cache-miss
60 http fetch GET 200 https://registry.npmjs.org/vite 11817ms (cache miss)
61 silly packumentCache full:https://registry.npmjs.org/vite set size:undefined disposed:false
62 silly fetch manifest @types/node@^20.19.0 || >=22.12.0
63 silly packumentCache full:https://registry.npmjs.org/@types%2fnode cache-miss
64 http fetch GET 200 https://registry.npmjs.org/@types%2fnode 2531ms (cache miss)
65 silly packumentCache full:https://registry.npmjs.org/@types%2fnode set size:undefined disposed:false
66 silly fetch manifest @vitejs/devtools@^0.1.0
67 silly packumentCache full:https://registry.npmjs.org/@vitejs%2fdevtools cache-miss
68 http fetch GET 200 https://registry.npmjs.org/@vitejs%2fdevtools 1092ms (cache miss)
69 silly packumentCache full:https://registry.npmjs.org/@vitejs%2fdevtools set size:undefined disposed:false
70 silly fetch manifest esbuild@^0.27.0 || ^0.28.0
71 silly packumentCache full:https://registry.npmjs.org/esbuild cache-miss
72 http fetch GET 200 https://registry.npmjs.org/esbuild 1584ms (cache miss)
73 silly packumentCache full:https://registry.npmjs.org/esbuild set size:undefined disposed:false
74 silly fetch manifest jiti@>=1.21.0
75 silly packumentCache full:https://registry.npmjs.org/jiti cache-miss
76 http fetch GET 200 https://registry.npmjs.org/jiti 216ms (cache miss)
77 silly packumentCache full:https://registry.npmjs.org/jiti set size:undefined disposed:false
78 silly fetch manifest less@^4.0.0
79 silly packumentCache full:https://registry.npmjs.org/less cache-miss
80 http fetch GET 200 https://registry.npmjs.org/less 193ms (cache miss)
81 silly packumentCache full:https://registry.npmjs.org/less set size:undefined disposed:false
82 silly fetch manifest sass@^1.70.0
83 silly packumentCache full:https://registry.npmjs.org/sass cache-miss
84 http fetch GET 200 https://registry.npmjs.org/sass 352ms (cache miss)
85 silly packumentCache full:https://registry.npmjs.org/sass set size:undefined disposed:false
86 silly fetch manifest sass-embedded@^1.70.0
87 silly packumentCache full:https://registry.npmjs.org/sass-embedded cache-miss
88 http fetch GET 200 https://registry.npmjs.org/sass-embedded 201ms (cache miss)
89 silly packumentCache full:https://registry.npmjs.org/sass-embedded set size:undefined disposed:false
90 silly fetch manifest stylus@>=0.54.8
91 silly packumentCache full:https://registry.npmjs.org/stylus cache-miss
92 http fetch GET 200 https://registry.npmjs.org/stylus 221ms (cache miss)
93 silly packumentCache full:https://registry.npmjs.org/stylus set size:undefined disposed:false
94 silly fetch manifest sugarss@^5.0.0
95 silly packumentCache full:https://registry.npmjs.org/sugarss cache-miss
96 http fetch GET 200 https://registry.npmjs.org/sugarss 550ms (cache miss)
97 silly packumentCache full:https://registry.npmjs.org/sugarss set size:undefined disposed:false
98 silly fetch manifest postcss@^8.3.3
99 silly packumentCache full:https://registry.npmjs.org/postcss cache-miss
100 http fetch GET 200 https://registry.npmjs.org/postcss 321ms (cache miss)
101 silly packumentCache full:https://registry.npmjs.org/postcss set size:undefined disposed:false
102 silly fetch manifest terser@^5.16.0
103 silly packumentCache full:https://registry.npmjs.org/terser cache-miss
104 http fetch GET 200 https://registry.npmjs.org/terser 285ms (cache miss)
105 silly packumentCache full:https://registry.npmjs.org/terser set size:undefined disposed:false
106 silly fetch manifest tsx@^4.8.1
107 silly packumentCache full:https://registry.npmjs.org/tsx cache-miss
108 http fetch GET 200 https://registry.npmjs.org/tsx 717ms (cache miss)
109 silly packumentCache full:https://registry.npmjs.org/tsx set size:undefined disposed:false
110 silly fetch manifest yaml@^2.4.2
111 silly packumentCache full:https://registry.npmjs.org/yaml cache-miss
112 http fetch GET 200 https://registry.npmjs.org/yaml 256ms (cache miss)
113 silly packumentCache full:https://registry.npmjs.org/yaml set size:undefined disposed:false
114 silly fetch manifest babel-plugin-react-compiler@^1.0.0
115 silly packumentCache full:https://registry.npmjs.org/babel-plugin-react-compiler cache-miss
116 http fetch GET 200 https://registry.npmjs.org/babel-plugin-react-compiler 741ms (cache miss)
117 silly packumentCache full:https://registry.npmjs.org/babel-plugin-react-compiler set size:undefined disposed:false
118 silly fetch manifest eslint@^9.39.4
119 silly packumentCache full:https://registry.npmjs.org/eslint cache-miss
120 http fetch GET 200 https://registry.npmjs.org/eslint 1507ms (cache miss)
121 silly packumentCache full:https://registry.npmjs.org/eslint set size:undefined disposed:false
122 silly fetch manifest jiti@*
123 silly packumentCache full:https://registry.npmjs.org/jiti cache-miss
124 http cache https://registry.npmjs.org/jiti 103ms (cache hit)
125 silly packumentCache full:https://registry.npmjs.org/jiti set size:382310 disposed:false
126 silly fetch manifest eslint-plugin-react-hooks@^7.0.1
127 silly packumentCache full:https://registry.npmjs.org/eslint-plugin-react-hooks cache-miss
128 http fetch GET 200 https://registry.npmjs.org/eslint-plugin-react-hooks 1846ms (cache miss)
129 silly packumentCache full:https://registry.npmjs.org/eslint-plugin-react-hooks set size:undefined disposed:false
130 silly fetch manifest eslint-plugin-react-refresh@^0.5.2
131 silly packumentCache full:https://registry.npmjs.org/eslint-plugin-react-refresh cache-miss
132 http fetch GET 200 https://registry.npmjs.org/eslint-plugin-react-refresh 155ms (cache miss)
133 silly packumentCache full:https://registry.npmjs.org/eslint-plugin-react-refresh set size:undefined disposed:false
134 silly fetch manifest globals@^17.4.0
135 silly packumentCache full:https://registry.npmjs.org/globals cache-miss
136 http fetch GET 200 https://registry.npmjs.org/globals 175ms (cache miss)
137 silly packumentCache full:https://registry.npmjs.org/globals set size:undefined disposed:false
138 silly placeDep ROOT @eslint/js@9.39.4 OK for: monopoly-game@0.0.0 want: ^9.39.4
139 silly placeDep ROOT @types/react@19.2.14 OK for: monopoly-game@0.0.0 want: ^19.2.14
140 silly placeDep ROOT @types/react-dom@19.2.3 OK for: monopoly-game@0.0.0 want: ^19.2.3
141 silly placeDep ROOT @vitejs/plugin-react@6.0.1 OK for: monopoly-game@0.0.0 want: ^6.0.1
142 silly placeDep ROOT vite@8.0.8 OK for: @vitejs/plugin-react@6.0.1 want: ^8.0.0
143 silly placeDep ROOT eslint@9.39.4 OK for: monopoly-game@0.0.0 want: ^9.39.4
144 silly placeDep ROOT eslint-plugin-react-hooks@7.0.1 OK for: monopoly-game@0.0.0 want: ^7.0.1
145 silly placeDep ROOT eslint-plugin-react-refresh@0.5.2 OK for: monopoly-game@0.0.0 want: ^0.5.2
146 silly placeDep ROOT globals@17.5.0 OK for: monopoly-game@0.0.0 want: ^17.4.0
147 silly placeDep ROOT react@19.2.5 OK for: monopoly-game@0.0.0 want: ^19.2.4
148 silly placeDep ROOT react-dom@19.2.5 OK for: monopoly-game@0.0.0 want: ^19.2.4
149 silly fetch manifest csstype@^3.2.2
150 silly packumentCache full:https://registry.npmjs.org/csstype cache-miss
151 silly fetch manifest @rolldown/pluginutils@1.0.0-rc.7
152 silly packumentCache full:https://registry.npmjs.org/@rolldown%2fpluginutils cache-miss
153 silly fetch manifest lightningcss@^1.32.0
154 silly packumentCache full:https://registry.npmjs.org/lightningcss cache-miss
155 silly fetch manifest picomatch@^4.0.4
156 silly packumentCache full:https://registry.npmjs.org/picomatch cache-miss
157 silly fetch manifest postcss@^8.5.8
158 silly packumentCache full:https://registry.npmjs.org/postcss cache-miss
159 silly fetch manifest rolldown@1.0.0-rc.15
160 silly packumentCache full:https://registry.npmjs.org/rolldown cache-miss
161 silly fetch manifest tinyglobby@^0.2.15
162 silly packumentCache full:https://registry.npmjs.org/tinyglobby cache-miss
163 http cache https://registry.npmjs.org/postcss 122ms (cache hit)
164 silly packumentCache full:https://registry.npmjs.org/postcss set size:705229 disposed:false
165 silly fetch manifest fsevents@~2.3.3
166 silly packumentCache full:https://registry.npmjs.org/fsevents cache-miss
167 http cache https://registry.npmjs.org/rolldown 193ms (cache hit)
168 silly packumentCache full:https://registry.npmjs.org/rolldown set size:3675536 disposed:false
169 silly fetch manifest ajv@^6.14.0
170 silly packumentCache full:https://registry.npmjs.org/ajv cache-miss
171 http fetch GET 200 https://registry.npmjs.org/csstype 475ms (cache miss)
172 silly packumentCache full:https://registry.npmjs.org/csstype set size:undefined disposed:false
173 silly fetch manifest chalk@^4.0.0
174 silly packumentCache full:https://registry.npmjs.org/chalk cache-miss
175 http fetch GET 200 https://registry.npmjs.org/ajv 1184ms (cache miss)
176 silly packumentCache full:https://registry.npmjs.org/ajv set size:undefined disposed:false
177 silly fetch manifest debug@^4.3.2
178 silly packumentCache full:https://registry.npmjs.org/debug cache-miss
179 http fetch GET 200 https://registry.npmjs.org/tinyglobby 1687ms (cache miss)
180 silly packumentCache full:https://registry.npmjs.org/tinyglobby set size:undefined disposed:false
181 silly fetch manifest espree@^10.4.0
182 silly packumentCache full:https://registry.npmjs.org/espree cache-miss
183 http fetch GET 200 https://registry.npmjs.org/@rolldown%2fpluginutils 1730ms (cache miss)
184 silly packumentCache full:https://registry.npmjs.org/@rolldown%2fpluginutils set size:undefined disposed:false
185 silly fetch manifest ignore@^5.2.0
186 silly packumentCache full:https://registry.npmjs.org/ignore cache-miss
187 http fetch GET 200 https://registry.npmjs.org/fsevents 2791ms (cache miss)
188 silly packumentCache full:https://registry.npmjs.org/fsevents set size:undefined disposed:false
189 silly fetch manifest esquery@^1.5.0
190 silly packumentCache full:https://registry.npmjs.org/esquery cache-miss
191 http fetch GET 200 https://registry.npmjs.org/debug 1544ms (cache miss)
192 silly packumentCache full:https://registry.npmjs.org/debug set size:undefined disposed:false
193 silly fetch manifest esutils@^2.0.2
194 silly packumentCache full:https://registry.npmjs.org/esutils cache-miss
195 http fetch GET 200 https://registry.npmjs.org/ignore 1507ms (cache miss)
196 silly packumentCache full:https://registry.npmjs.org/ignore set size:undefined disposed:false
197 silly fetch manifest find-up@^5.0.0
198 silly packumentCache full:https://registry.npmjs.org/find-up cache-miss
199 http fetch GET 200 https://registry.npmjs.org/chalk 2809ms (cache miss)
200 silly packumentCache full:https://registry.npmjs.org/chalk set size:undefined disposed:false
201 silly fetch manifest is-glob@^4.0.0
202 silly packumentCache full:https://registry.npmjs.org/is-glob cache-miss
203 http fetch GET 200 https://registry.npmjs.org/lightningcss 3338ms (cache miss)
204 silly packumentCache full:https://registry.npmjs.org/lightningcss set size:undefined disposed:false
205 silly fetch manifest minimatch@^3.1.5
206 silly packumentCache full:https://registry.npmjs.org/minimatch cache-miss
207 http fetch GET 200 https://registry.npmjs.org/picomatch 3367ms (cache miss)
208 silly packumentCache full:https://registry.npmjs.org/picomatch set size:undefined disposed:false
209 silly fetch manifest optionator@^0.9.3
210 silly packumentCache full:https://registry.npmjs.org/optionator cache-miss
211 http fetch GET 200 https://registry.npmjs.org/esquery 441ms (cache miss)
212 silly packumentCache full:https://registry.npmjs.org/esquery set size:undefined disposed:false
213 silly fetch manifest cross-spawn@^7.0.6
214 silly packumentCache full:https://registry.npmjs.org/cross-spawn cache-miss
215 http fetch GET 200 https://registry.npmjs.org/esutils 331ms (cache miss)
216 silly packumentCache full:https://registry.npmjs.org/esutils set size:undefined disposed:false
217 silly fetch manifest glob-parent@^6.0.2
218 silly packumentCache full:https://registry.npmjs.org/glob-parent cache-miss
219 http fetch GET 200 https://registry.npmjs.org/find-up 284ms (cache miss)
220 silly packumentCache full:https://registry.npmjs.org/find-up set size:undefined disposed:false
221 silly fetch manifest imurmurhash@^0.1.4
222 silly packumentCache full:https://registry.npmjs.org/imurmurhash cache-miss
223 http fetch GET 200 https://registry.npmjs.org/is-glob 281ms (cache miss)
224 silly packumentCache full:https://registry.npmjs.org/is-glob set size:undefined disposed:false
225 silly fetch manifest @eslint/core@^0.17.0
226 silly packumentCache full:https://registry.npmjs.org/@eslint%2fcore cache-miss
227 http fetch GET 200 https://registry.npmjs.org/optionator 257ms (cache miss)
228 silly packumentCache full:https://registry.npmjs.org/optionator set size:undefined disposed:false
229 silly fetch manifest eslint-scope@^8.4.0
230 silly packumentCache full:https://registry.npmjs.org/eslint-scope cache-miss
231 http fetch GET 200 https://registry.npmjs.org/cross-spawn 253ms (cache miss)
232 silly packumentCache full:https://registry.npmjs.org/cross-spawn set size:undefined disposed:false
233 silly fetch manifest lodash.merge@^4.6.2
234 silly packumentCache full:https://registry.npmjs.org/lodash.merge cache-miss
235 http fetch GET 200 https://registry.npmjs.org/glob-parent 239ms (cache miss)
236 silly packumentCache full:https://registry.npmjs.org/glob-parent set size:undefined disposed:false
237 silly fetch manifest @humanfs/node@^0.16.6
238 silly packumentCache full:https://registry.npmjs.org/@humanfs%2fnode cache-miss
239 http fetch GET 200 https://registry.npmjs.org/minimatch 470ms (cache miss)
240 silly packumentCache full:https://registry.npmjs.org/minimatch set size:undefined disposed:false
241 silly fetch manifest @types/estree@^1.0.6
242 silly packumentCache full:https://registry.npmjs.org/@types%2festree cache-miss
243 http fetch GET 200 https://registry.npmjs.org/imurmurhash 300ms (cache miss)
244 silly packumentCache full:https://registry.npmjs.org/imurmurhash set size:undefined disposed:false
245 silly fetch manifest fast-deep-equal@^3.1.3
246 silly packumentCache full:https://registry.npmjs.org/fast-deep-equal cache-miss
247 http fetch GET 200 https://registry.npmjs.org/eslint-scope 298ms (cache miss)
248 silly packumentCache full:https://registry.npmjs.org/eslint-scope set size:undefined disposed:false
249 silly fetch manifest natural-compare@^1.4.0
250 silly packumentCache full:https://registry.npmjs.org/natural-compare cache-miss
251 http fetch GET 200 https://registry.npmjs.org/lodash.merge 282ms (cache miss)
252 silly packumentCache full:https://registry.npmjs.org/lodash.merge set size:undefined disposed:false
253 silly fetch manifest @eslint/eslintrc@^3.3.5
254 silly packumentCache full:https://registry.npmjs.org/@eslint%2feslintrc cache-miss
255 http fetch GET 200 https://registry.npmjs.org/@eslint%2fcore 474ms (cache miss)
256 silly packumentCache full:https://registry.npmjs.org/@eslint%2fcore set size:undefined disposed:false
257 silly fetch manifest file-entry-cache@^8.0.0
258 silly packumentCache full:https://registry.npmjs.org/file-entry-cache cache-miss
259 http fetch GET 200 https://registry.npmjs.org/natural-compare 133ms (cache miss)
260 silly packumentCache full:https://registry.npmjs.org/natural-compare set size:undefined disposed:false
261 silly fetch manifest @eslint/plugin-kit@^0.4.1
262 silly packumentCache full:https://registry.npmjs.org/@eslint%2fplugin-kit cache-miss
263 http fetch GET 200 https://registry.npmjs.org/fast-deep-equal 208ms (cache miss)
264 silly packumentCache full:https://registry.npmjs.org/fast-deep-equal set size:undefined disposed:false
265 silly fetch manifest eslint-visitor-keys@^4.2.1
266 silly packumentCache full:https://registry.npmjs.org/eslint-visitor-keys cache-miss
267 http fetch GET 200 https://registry.npmjs.org/espree 2415ms (cache miss)
268 silly packumentCache full:https://registry.npmjs.org/espree set size:undefined disposed:false
269 silly fetch manifest @eslint/config-array@^0.21.2
270 silly packumentCache full:https://registry.npmjs.org/@eslint%2fconfig-array cache-miss
271 http fetch GET 200 https://registry.npmjs.org/@eslint%2feslintrc 227ms (cache miss)
272 silly packumentCache full:https://registry.npmjs.org/@eslint%2feslintrc set size:undefined disposed:false
273 silly fetch manifest @humanwhocodes/retry@^0.4.2
274 silly packumentCache full:https://registry.npmjs.org/@humanwhocodes%2fretry cache-miss
275 http fetch GET 200 https://registry.npmjs.org/@humanfs%2fnode 512ms (cache miss)
276 silly packumentCache full:https://registry.npmjs.org/@humanfs%2fnode set size:undefined disposed:false
277 silly fetch manifest escape-string-regexp@^4.0.0
278 silly packumentCache full:https://registry.npmjs.org/escape-string-regexp cache-miss
279 http fetch GET 200 https://registry.npmjs.org/eslint-visitor-keys 218ms (cache miss)
280 silly packumentCache full:https://registry.npmjs.org/eslint-visitor-keys set size:undefined disposed:false
281 silly fetch manifest @eslint/config-helpers@^0.4.2
282 silly packumentCache full:https://registry.npmjs.org/@eslint%2fconfig-helpers cache-miss
283 http fetch GET 200 https://registry.npmjs.org/file-entry-cache 276ms (cache miss)
284 silly packumentCache full:https://registry.npmjs.org/file-entry-cache set size:undefined disposed:false
285 silly fetch manifest @eslint-community/regexpp@^4.12.1
286 silly packumentCache full:https://registry.npmjs.org/@eslint-community%2fregexpp cache-miss
287 http fetch GET 200 https://registry.npmjs.org/@eslint%2fconfig-array 390ms (cache miss)
288 silly packumentCache full:https://registry.npmjs.org/@eslint%2fconfig-array set size:undefined disposed:false
289 silly fetch manifest @eslint-community/eslint-utils@^4.8.0
290 silly packumentCache full:https://registry.npmjs.org/@eslint-community%2feslint-utils cache-miss
291 http fetch GET 200 https://registry.npmjs.org/@eslint%2fplugin-kit 451ms (cache miss)
292 silly packumentCache full:https://registry.npmjs.org/@eslint%2fplugin-kit set size:undefined disposed:false
293 silly fetch manifest @humanwhocodes/module-importer@^1.0.1
294 silly packumentCache full:https://registry.npmjs.org/@humanwhocodes%2fmodule-importer cache-miss
295 http fetch GET 200 https://registry.npmjs.org/@types%2festree 760ms (cache miss)
296 silly packumentCache full:https://registry.npmjs.org/@types%2festree set size:undefined disposed:false
297 silly fetch manifest json-stable-stringify-without-jsonify@^1.0.1
298 silly packumentCache full:https://registry.npmjs.org/json-stable-stringify-without-jsonify cache-miss
299 http fetch GET 200 https://registry.npmjs.org/@humanwhocodes%2fmodule-importer 171ms (cache miss)
300 silly packumentCache full:https://registry.npmjs.org/@humanwhocodes%2fmodule-importer set size:undefined disposed:false
301 silly fetch manifest zod@^3.25.0 || ^4.0.0
302 silly packumentCache full:https://registry.npmjs.org/zod cache-miss
303 http fetch GET 200 https://registry.npmjs.org/json-stable-stringify-without-jsonify 135ms (cache miss)
304 silly packumentCache full:https://registry.npmjs.org/json-stable-stringify-without-jsonify set size:undefined disposed:false
305 silly fetch manifest @babel/core@^7.24.4
306 silly packumentCache full:https://registry.npmjs.org/@babel%2fcore cache-miss
307 http cache https://registry.npmjs.org/@babel%2fcore 43ms (cache hit)
308 silly packumentCache full:https://registry.npmjs.org/@babel%2fcore set size:760113 disposed:false
309 silly fetch manifest @babel/parser@^7.24.4
310 silly packumentCache full:https://registry.npmjs.org/@babel%2fparser cache-miss
311 http fetch GET 200 https://registry.npmjs.org/escape-string-regexp 571ms (cache miss)
312 silly packumentCache full:https://registry.npmjs.org/escape-string-regexp set size:undefined disposed:false
313 silly fetch manifest hermes-parser@^0.25.1
314 silly packumentCache full:https://registry.npmjs.org/hermes-parser cache-miss
315 http fetch GET 200 https://registry.npmjs.org/@eslint%2fconfig-helpers 558ms (cache miss)
316 silly packumentCache full:https://registry.npmjs.org/@eslint%2fconfig-helpers set size:undefined disposed:false
317 silly fetch manifest zod-validation-error@^3.5.0 || ^4.0.0
318 silly packumentCache full:https://registry.npmjs.org/zod-validation-error cache-miss
319 http fetch GET 200 https://registry.npmjs.org/@eslint-community%2fregexpp 579ms (cache miss)
320 silly packumentCache full:https://registry.npmjs.org/@eslint-community%2fregexpp set size:undefined disposed:false
321 silly fetch manifest scheduler@^0.27.0
322 silly packumentCache full:https://registry.npmjs.org/scheduler cache-miss
323 http fetch GET 200 https://registry.npmjs.org/@humanwhocodes%2fretry 794ms (cache miss)
324 silly packumentCache full:https://registry.npmjs.org/@humanwhocodes%2fretry set size:undefined disposed:false
325 http fetch GET 200 https://registry.npmjs.org/zod-validation-error 195ms (cache miss)
326 silly packumentCache full:https://registry.npmjs.org/zod-validation-error set size:undefined disposed:false
327 http fetch GET 200 https://registry.npmjs.org/@babel%2fparser 359ms (cache miss)
328 silly packumentCache full:https://registry.npmjs.org/@babel%2fparser set size:undefined disposed:false
329 http fetch GET 200 https://registry.npmjs.org/@eslint-community%2feslint-utils 2018ms (cache miss)
330 silly packumentCache full:https://registry.npmjs.org/@eslint-community%2feslint-utils set size:undefined disposed:false
331 http fetch GET 200 https://registry.npmjs.org/hermes-parser 1701ms (cache miss)
332 silly packumentCache full:https://registry.npmjs.org/hermes-parser set size:undefined disposed:false
333 http fetch GET 200 https://registry.npmjs.org/zod 2696ms (cache miss)
334 silly packumentCache full:https://registry.npmjs.org/zod set size:undefined disposed:false
335 http fetch GET 200 https://registry.npmjs.org/scheduler 4198ms (cache miss)
336 silly packumentCache full:https://registry.npmjs.org/scheduler set size:undefined disposed:false
337 silly placeDep ROOT csstype@3.2.3 OK for: @types/react@19.2.14 want: ^3.2.2
338 silly placeDep ROOT @rolldown/pluginutils@1.0.0-rc.7 OK for: @vitejs/plugin-react@6.0.1 want: 1.0.0-rc.7
339 silly fetch manifest eslint@^6.0.0 || ^7.0.0 || >=8.0.0
340 silly packumentCache full:https://registry.npmjs.org/eslint cache-miss
341 http cache https://registry.npmjs.org/eslint 40ms (cache hit)
342 silly packumentCache full:https://registry.npmjs.org/eslint set size:1976900 disposed:false
343 silly placeDep ROOT @eslint-community/eslint-utils@4.9.1 OK for: eslint@9.39.4 want: ^4.8.0
344 silly placeDep ROOT @eslint-community/regexpp@4.12.2 OK for: eslint@9.39.4 want: ^4.12.1
345 silly placeDep ROOT @eslint/config-array@0.21.2 OK for: eslint@9.39.4 want: ^0.21.2
346 silly placeDep ROOT @eslint/config-helpers@0.4.2 OK for: eslint@9.39.4 want: ^0.4.2
347 silly placeDep ROOT @eslint/core@0.17.0 OK for: eslint@9.39.4 want: ^0.17.0
348 silly placeDep ROOT @eslint/eslintrc@3.3.5 OK for: eslint@9.39.4 want: ^3.3.5
349 silly placeDep ROOT @eslint/plugin-kit@0.4.1 OK for: eslint@9.39.4 want: ^0.4.1
350 silly placeDep ROOT @humanfs/node@0.16.7 OK for: eslint@9.39.4 want: ^0.16.6
351 silly placeDep ROOT @humanwhocodes/module-importer@1.0.1 OK for: eslint@9.39.4 want: ^1.0.1
352 silly placeDep ROOT @humanwhocodes/retry@0.4.3 OK for: eslint@9.39.4 want: ^0.4.2
353 silly placeDep ROOT @types/estree@1.0.8 OK for: eslint@9.39.4 want: ^1.0.6
354 silly placeDep ROOT ajv@6.14.0 OK for: eslint@9.39.4 want: ^6.14.0
355 silly placeDep ROOT chalk@4.1.2 OK for: eslint@9.39.4 want: ^4.0.0
356 silly placeDep ROOT cross-spawn@7.0.6 OK for: eslint@9.39.4 want: ^7.0.6
357 silly placeDep ROOT debug@4.4.3 OK for: eslint@9.39.4 want: ^4.3.2
358 silly placeDep ROOT escape-string-regexp@4.0.0 OK for: eslint@9.39.4 want: ^4.0.0
359 silly placeDep ROOT eslint-scope@8.4.0 OK for: eslint@9.39.4 want: ^8.4.0
360 silly placeDep ROOT eslint-visitor-keys@4.2.1 OK for: eslint@9.39.4 want: ^4.2.1
361 silly placeDep ROOT espree@10.4.0 OK for: eslint@9.39.4 want: ^10.4.0
362 silly placeDep ROOT esquery@1.7.0 OK for: eslint@9.39.4 want: ^1.5.0
363 silly placeDep ROOT esutils@2.0.3 OK for: eslint@9.39.4 want: ^2.0.2
364 silly placeDep ROOT fast-deep-equal@3.1.3 OK for: eslint@9.39.4 want: ^3.1.3
365 silly placeDep ROOT file-entry-cache@8.0.0 OK for: eslint@9.39.4 want: ^8.0.0
366 silly placeDep ROOT find-up@5.0.0 OK for: eslint@9.39.4 want: ^5.0.0
367 silly placeDep ROOT glob-parent@6.0.2 OK for: eslint@9.39.4 want: ^6.0.2
368 silly placeDep ROOT ignore@5.3.2 OK for: eslint@9.39.4 want: ^5.2.0
369 silly placeDep ROOT imurmurhash@0.1.4 OK for: eslint@9.39.4 want: ^0.1.4
370 silly placeDep ROOT is-glob@4.0.3 OK for: eslint@9.39.4 want: ^4.0.0
371 silly placeDep ROOT json-stable-stringify-without-jsonify@1.0.1 OK for: eslint@9.39.4 want: ^1.0.1
372 silly placeDep ROOT lodash.merge@4.6.2 OK for: eslint@9.39.4 want: ^4.6.2
373 silly placeDep ROOT minimatch@3.1.5 OK for: eslint@9.39.4 want: ^3.1.5
374 silly placeDep ROOT natural-compare@1.4.0 OK for: eslint@9.39.4 want: ^1.4.0
375 silly placeDep ROOT optionator@0.9.4 OK for: eslint@9.39.4 want: ^0.9.3
376 silly fetch manifest eslint-visitor-keys@^3.4.3
377 silly packumentCache full:https://registry.npmjs.org/eslint-visitor-keys cache-miss
378 silly fetch manifest debug@^4.3.1
379 silly packumentCache full:https://registry.npmjs.org/debug cache-miss
380 silly fetch manifest @eslint/object-schema@^2.1.7
381 silly packumentCache full:https://registry.npmjs.org/@eslint%2fobject-schema cache-miss
382 silly fetch manifest @types/json-schema@^7.0.15
383 silly packumentCache full:https://registry.npmjs.org/@types%2fjson-schema cache-miss
384 silly fetch manifest espree@^10.0.1
385 silly packumentCache full:https://registry.npmjs.org/espree cache-miss
386 silly fetch manifest globals@^14.0.0
387 silly packumentCache full:https://registry.npmjs.org/globals cache-miss
388 silly fetch manifest import-fresh@^3.2.1
389 silly packumentCache full:https://registry.npmjs.org/import-fresh cache-miss
390 http cache https://registry.npmjs.org/eslint-visitor-keys 86ms (cache hit)
391 silly packumentCache full:https://registry.npmjs.org/eslint-visitor-keys set size:69949 disposed:false
392 silly fetch manifest js-yaml@^4.1.1
393 silly packumentCache full:https://registry.npmjs.org/js-yaml cache-miss
394 http cache https://registry.npmjs.org/debug 99ms (cache hit)
395 silly packumentCache full:https://registry.npmjs.org/debug set size:195840 disposed:false
396 silly fetch manifest strip-json-comments@^3.1.1
397 silly packumentCache full:https://registry.npmjs.org/strip-json-comments cache-miss
398 http cache https://registry.npmjs.org/espree 111ms (cache hit)
399 silly packumentCache full:https://registry.npmjs.org/espree set size:326080 disposed:false
400 silly fetch manifest levn@^0.4.1
401 silly packumentCache full:https://registry.npmjs.org/levn cache-miss
402 http cache https://registry.npmjs.org/globals 137ms (cache hit)
403 silly packumentCache full:https://registry.npmjs.org/globals set size:312297 disposed:false
404 silly fetch manifest @humanwhocodes/retry@^0.4.0
405 silly packumentCache full:https://registry.npmjs.org/@humanwhocodes%2fretry cache-miss
406 http cache https://registry.npmjs.org/@humanwhocodes%2fretry 44ms (cache hit)
407 silly packumentCache full:https://registry.npmjs.org/@humanwhocodes%2fretry set size:42348 disposed:false
408 silly fetch manifest @humanfs/core@^0.19.1
409 silly packumentCache full:https://registry.npmjs.org/@humanfs%2fcore cache-miss
410 http fetch GET 200 https://registry.npmjs.org/import-fresh 223ms (cache miss)
411 silly packumentCache full:https://registry.npmjs.org/import-fresh set size:undefined disposed:false
412 silly fetch manifest fast-deep-equal@^3.1.1
413 silly packumentCache full:https://registry.npmjs.org/fast-deep-equal cache-miss
414 http cache https://registry.npmjs.org/fast-deep-equal 46ms (cache hit)
415 silly packumentCache full:https://registry.npmjs.org/fast-deep-equal set size:48634 disposed:false
416 silly fetch manifest fast-json-stable-stringify@^2.0.0
417 silly packumentCache full:https://registry.npmjs.org/fast-json-stable-stringify cache-miss
418 http fetch GET 200 https://registry.npmjs.org/levn 191ms (cache miss)
419 silly packumentCache full:https://registry.npmjs.org/levn set size:undefined disposed:false
420 silly fetch manifest json-schema-traverse@^0.4.1
421 silly packumentCache full:https://registry.npmjs.org/json-schema-traverse cache-miss
422 http fetch GET 200 https://registry.npmjs.org/strip-json-comments 241ms (cache miss)
423 silly packumentCache full:https://registry.npmjs.org/strip-json-comments set size:undefined disposed:false
424 silly fetch manifest uri-js@^4.2.2
425 silly packumentCache full:https://registry.npmjs.org/uri-js cache-miss
426 http fetch GET 200 https://registry.npmjs.org/js-yaml 287ms (cache miss)
427 silly packumentCache full:https://registry.npmjs.org/js-yaml set size:undefined disposed:false
428 silly fetch manifest ansi-styles@^4.1.0
429 silly packumentCache full:https://registry.npmjs.org/ansi-styles cache-miss
430 http fetch GET 200 https://registry.npmjs.org/json-schema-traverse 191ms (cache miss)
431 silly packumentCache full:https://registry.npmjs.org/json-schema-traverse set size:undefined disposed:false
432 silly fetch manifest supports-color@^7.1.0
433 silly packumentCache full:https://registry.npmjs.org/supports-color cache-miss
434 http fetch GET 200 https://registry.npmjs.org/@types%2fjson-schema 563ms (cache miss)
435 silly packumentCache full:https://registry.npmjs.org/@types%2fjson-schema set size:undefined disposed:false
436 silly fetch manifest which@^2.0.1
437 silly packumentCache full:https://registry.npmjs.org/which cache-miss
438 http fetch GET 200 https://registry.npmjs.org/@humanfs%2fcore 345ms (cache miss)
439 silly packumentCache full:https://registry.npmjs.org/@humanfs%2fcore set size:undefined disposed:false
440 silly fetch manifest path-key@^3.1.0
441 silly packumentCache full:https://registry.npmjs.org/path-key cache-miss
442 http fetch GET 200 https://registry.npmjs.org/uri-js 244ms (cache miss)
443 silly packumentCache full:https://registry.npmjs.org/uri-js set size:undefined disposed:false
444 silly fetch manifest shebang-command@^2.0.0
445 silly packumentCache full:https://registry.npmjs.org/shebang-command cache-miss
446 http fetch GET 200 https://registry.npmjs.org/fast-json-stable-stringify 338ms (cache miss)
447 silly packumentCache full:https://registry.npmjs.org/fast-json-stable-stringify set size:undefined disposed:false
448 silly fetch manifest ms@^2.1.3
449 silly packumentCache full:https://registry.npmjs.org/ms cache-miss
450 http fetch GET 200 https://registry.npmjs.org/ansi-styles 310ms (cache miss)
451 silly packumentCache full:https://registry.npmjs.org/ansi-styles set size:undefined disposed:false
452 silly fetch manifest esrecurse@^4.3.0
453 silly packumentCache full:https://registry.npmjs.org/esrecurse cache-miss
454 http fetch GET 200 https://registry.npmjs.org/which 164ms (cache miss)
455 silly packumentCache full:https://registry.npmjs.org/which set size:undefined disposed:false
456 silly fetch manifest estraverse@^5.2.0
457 silly packumentCache full:https://registry.npmjs.org/estraverse cache-miss
458 http fetch GET 200 https://registry.npmjs.org/supports-color 232ms (cache miss)
459 silly packumentCache full:https://registry.npmjs.org/supports-color set size:undefined disposed:false
460 silly fetch manifest acorn@^8.15.0
461 silly packumentCache full:https://registry.npmjs.org/acorn cache-miss
462 http fetch GET 200 https://registry.npmjs.org/path-key 252ms (cache miss)
463 silly packumentCache full:https://registry.npmjs.org/path-key set size:undefined disposed:false
464 silly fetch manifest acorn-jsx@^5.3.2
465 silly packumentCache full:https://registry.npmjs.org/acorn-jsx cache-miss
466 http fetch GET 200 https://registry.npmjs.org/shebang-command 229ms (cache miss)
467 silly packumentCache full:https://registry.npmjs.org/shebang-command set size:undefined disposed:false
468 silly fetch manifest estraverse@^5.1.0
469 silly packumentCache full:https://registry.npmjs.org/estraverse cache-miss
470 http fetch GET 200 https://registry.npmjs.org/ms 230ms (cache miss)
471 silly packumentCache full:https://registry.npmjs.org/ms set size:undefined disposed:false
472 silly fetch manifest flat-cache@^4.0.0
473 silly packumentCache full:https://registry.npmjs.org/flat-cache cache-miss
474 http fetch GET 200 https://registry.npmjs.org/@eslint%2fobject-schema 917ms (cache miss)
475 silly packumentCache full:https://registry.npmjs.org/@eslint%2fobject-schema set size:undefined disposed:false
476 silly fetch manifest locate-path@^6.0.0
477 silly packumentCache full:https://registry.npmjs.org/locate-path cache-miss
478 http fetch GET 200 https://registry.npmjs.org/esrecurse 243ms (cache miss)
479 silly packumentCache full:https://registry.npmjs.org/esrecurse set size:undefined disposed:false
480 silly fetch manifest path-exists@^4.0.0
481 silly packumentCache full:https://registry.npmjs.org/path-exists cache-miss
482 http fetch GET 200 https://registry.npmjs.org/estraverse 247ms (cache miss)
483 silly packumentCache full:https://registry.npmjs.org/estraverse set size:undefined disposed:false
484 silly fetch manifest is-glob@^4.0.3
485 silly packumentCache full:https://registry.npmjs.org/is-glob cache-miss
486 http fetch GET 200 https://registry.npmjs.org/estraverse 186ms (cache miss)
487 silly packumentCache full:https://registry.npmjs.org/estraverse set size:undefined disposed:false
488 silly fetch manifest is-extglob@^2.1.1
489 silly packumentCache full:https://registry.npmjs.org/is-extglob cache-miss
490 http fetch GET 200 https://registry.npmjs.org/acorn-jsx 246ms (cache miss)
491 silly packumentCache full:https://registry.npmjs.org/acorn-jsx set size:undefined disposed:false
492 silly fetch manifest brace-expansion@^1.1.7
493 silly packumentCache full:https://registry.npmjs.org/brace-expansion cache-miss
494 http cache https://registry.npmjs.org/is-glob 119ms (cache hit)
495 silly packumentCache full:https://registry.npmjs.org/is-glob set size:40530 disposed:false
496 silly fetch manifest prelude-ls@^1.2.1
497 silly packumentCache full:https://registry.npmjs.org/prelude-ls cache-miss
498 http fetch GET 200 https://registry.npmjs.org/acorn 374ms (cache miss)
499 silly packumentCache full:https://registry.npmjs.org/acorn set size:undefined disposed:false
500 silly fetch manifest deep-is@^0.1.3
501 silly packumentCache full:https://registry.npmjs.org/deep-is cache-miss
502 http fetch GET 200 https://registry.npmjs.org/locate-path 324ms (cache miss)
503 silly packumentCache full:https://registry.npmjs.org/locate-path set size:undefined disposed:false
504 silly fetch manifest word-wrap@^1.2.5
505 silly packumentCache full:https://registry.npmjs.org/word-wrap cache-miss
506 http fetch GET 200 https://registry.npmjs.org/path-exists 306ms (cache miss)
507 silly packumentCache full:https://registry.npmjs.org/path-exists set size:undefined disposed:false
508 silly fetch manifest type-check@^0.4.0
509 silly packumentCache full:https://registry.npmjs.org/type-check cache-miss
510 http fetch GET 200 https://registry.npmjs.org/flat-cache 401ms (cache miss)
511 silly packumentCache full:https://registry.npmjs.org/flat-cache set size:undefined disposed:false
512 silly fetch manifest fast-levenshtein@^2.0.6
513 silly packumentCache full:https://registry.npmjs.org/fast-levenshtein cache-miss
514 http fetch GET 200 https://registry.npmjs.org/is-extglob 300ms (cache miss)
515 silly packumentCache full:https://registry.npmjs.org/is-extglob set size:undefined disposed:false
516 http fetch GET 200 https://registry.npmjs.org/brace-expansion 263ms (cache miss)
517 silly packumentCache full:https://registry.npmjs.org/brace-expansion set size:undefined disposed:false
518 http fetch GET 200 https://registry.npmjs.org/prelude-ls 239ms (cache miss)
519 silly packumentCache full:https://registry.npmjs.org/prelude-ls set size:undefined disposed:false
520 http fetch GET 200 https://registry.npmjs.org/deep-is 187ms (cache miss)
521 silly packumentCache full:https://registry.npmjs.org/deep-is set size:undefined disposed:false
522 http fetch GET 200 https://registry.npmjs.org/type-check 189ms (cache miss)
523 silly packumentCache full:https://registry.npmjs.org/type-check set size:undefined disposed:false
524 http fetch GET 200 https://registry.npmjs.org/word-wrap 235ms (cache miss)
525 silly packumentCache full:https://registry.npmjs.org/word-wrap set size:undefined disposed:false
526 http fetch GET 200 https://registry.npmjs.org/fast-levenshtein 179ms (cache miss)
527 silly packumentCache full:https://registry.npmjs.org/fast-levenshtein set size:undefined disposed:false
528 silly placeDep node_modules/@eslint-community/eslint-utils eslint-visitor-keys@3.4.3 OK for: @eslint-community/eslint-utils@4.9.1 want: ^3.4.3
529 silly placeDep ROOT @eslint/object-schema@2.1.7 OK for: @eslint/config-array@0.21.2 want: ^2.1.7
530 silly placeDep ROOT @types/json-schema@7.0.15 OK for: @eslint/core@0.17.0 want: ^7.0.15
531 silly placeDep node_modules/@eslint/eslintrc globals@14.0.0 OK for: @eslint/eslintrc@3.3.5 want: ^14.0.0
532 silly placeDep ROOT import-fresh@3.3.1 OK for: @eslint/eslintrc@3.3.5 want: ^3.2.1
533 silly placeDep ROOT js-yaml@4.1.1 OK for: @eslint/eslintrc@3.3.5 want: ^4.1.1
534 silly placeDep ROOT strip-json-comments@3.1.1 OK for: @eslint/eslintrc@3.3.5 want: ^3.1.1
535 silly fetch manifest resolve-from@^4.0.0
536 silly packumentCache full:https://registry.npmjs.org/resolve-from cache-miss
537 silly fetch manifest parent-module@^1.0.0
538 silly packumentCache full:https://registry.npmjs.org/parent-module cache-miss
539 silly fetch manifest argparse@^2.0.1
540 silly packumentCache full:https://registry.npmjs.org/argparse cache-miss
541 http fetch GET 200 https://registry.npmjs.org/resolve-from 146ms (cache miss)
542 silly packumentCache full:https://registry.npmjs.org/resolve-from set size:undefined disposed:false
543 http fetch GET 200 https://registry.npmjs.org/argparse 152ms (cache miss)
544 silly packumentCache full:https://registry.npmjs.org/argparse set size:undefined disposed:false
545 http fetch GET 200 https://registry.npmjs.org/parent-module 164ms (cache miss)
546 silly packumentCache full:https://registry.npmjs.org/parent-module set size:undefined disposed:false
547 silly placeDep ROOT levn@0.4.1 OK for: @eslint/plugin-kit@0.4.1 want: ^0.4.1
548 silly fetch manifest type-check@~0.4.0
549 silly packumentCache full:https://registry.npmjs.org/type-check cache-miss
550 http cache https://registry.npmjs.org/type-check 15ms (cache hit)
551 silly packumentCache full:https://registry.npmjs.org/type-check set size:21221 disposed:false
552 silly placeDep ROOT @humanfs/core@0.19.1 OK for: @humanfs/node@0.16.7 want: ^0.19.1
553 silly placeDep ROOT fast-json-stable-stringify@2.1.0 OK for: ajv@6.14.0 want: ^2.0.0
554 silly placeDep ROOT json-schema-traverse@0.4.1 OK for: ajv@6.14.0 want: ^0.4.1
555 silly placeDep ROOT uri-js@4.4.1 OK for: ajv@6.14.0 want: ^4.2.2
556 silly fetch manifest punycode@^2.1.0
557 silly packumentCache full:https://registry.npmjs.org/punycode cache-miss
558 http fetch GET 200 https://registry.npmjs.org/punycode 104ms (cache miss)
559 silly packumentCache full:https://registry.npmjs.org/punycode set size:undefined disposed:false
560 silly placeDep ROOT ansi-styles@4.3.0 OK for: chalk@4.1.2 want: ^4.1.0
561 silly placeDep ROOT supports-color@7.2.0 OK for: chalk@4.1.2 want: ^7.1.0
562 silly fetch manifest color-convert@^2.0.1
563 silly packumentCache full:https://registry.npmjs.org/color-convert cache-miss
564 silly fetch manifest has-flag@^4.0.0
565 silly packumentCache full:https://registry.npmjs.org/has-flag cache-miss
566 http fetch GET 200 https://registry.npmjs.org/has-flag 873ms (cache miss)
567 silly packumentCache full:https://registry.npmjs.org/has-flag set size:undefined disposed:false
568 http fetch GET 200 https://registry.npmjs.org/color-convert 1689ms (cache miss)
569 silly packumentCache full:https://registry.npmjs.org/color-convert set size:undefined disposed:false
570 silly placeDep ROOT color-convert@2.0.1 OK for: ansi-styles@4.3.0 want: ^2.0.1
571 silly fetch manifest color-name@~1.1.4
572 silly packumentCache full:https://registry.npmjs.org/color-name cache-miss
573 http fetch GET 200 https://registry.npmjs.org/color-name 1103ms (cache miss)
574 silly packumentCache full:https://registry.npmjs.org/color-name set size:undefined disposed:false
575 silly placeDep ROOT color-name@1.1.4 OK for: color-convert@2.0.1 want: ~1.1.4
576 silly placeDep ROOT path-key@3.1.1 OK for: cross-spawn@7.0.6 want: ^3.1.0
577 silly placeDep ROOT shebang-command@2.0.0 OK for: cross-spawn@7.0.6 want: ^2.0.0
578 silly placeDep ROOT which@2.0.2 OK for: cross-spawn@7.0.6 want: ^2.0.1
579 silly fetch manifest shebang-regex@^3.0.0
580 silly packumentCache full:https://registry.npmjs.org/shebang-regex cache-miss
581 silly fetch manifest isexe@^2.0.0
582 silly packumentCache full:https://registry.npmjs.org/isexe cache-miss
583 http fetch GET 200 https://registry.npmjs.org/shebang-regex 134ms (cache miss)
584 silly packumentCache full:https://registry.npmjs.org/shebang-regex set size:undefined disposed:false
585 http fetch GET 200 https://registry.npmjs.org/isexe 141ms (cache miss)
586 silly packumentCache full:https://registry.npmjs.org/isexe set size:undefined disposed:false
587 silly placeDep ROOT ms@2.1.3 OK for: debug@4.4.3 want: ^2.1.3
588 silly placeDep ROOT @babel/core@7.29.0 OK for: eslint-plugin-react-hooks@7.0.1 want: ^7.24.4
589 silly placeDep ROOT @babel/parser@7.29.2 OK for: eslint-plugin-react-hooks@7.0.1 want: ^7.24.4
590 silly placeDep ROOT hermes-parser@0.25.1 OK for: eslint-plugin-react-hooks@7.0.1 want: ^0.25.1
591 silly placeDep ROOT zod@4.3.6 OK for: eslint-plugin-react-hooks@7.0.1 want: ^3.25.0 || ^4.0.0
592 silly placeDep ROOT zod-validation-error@4.0.2 OK for: eslint-plugin-react-hooks@7.0.1 want: ^3.5.0 || ^4.0.0
593 silly fetch manifest json5@^2.2.3
594 silly packumentCache full:https://registry.npmjs.org/json5 cache-miss
595 silly fetch manifest semver@^6.3.1
596 silly packumentCache full:https://registry.npmjs.org/semver cache-miss
597 silly fetch manifest gensync@^1.0.0-beta.2
598 silly packumentCache full:https://registry.npmjs.org/gensync cache-miss
599 silly fetch manifest @babel/types@^7.29.0
600 silly packumentCache full:https://registry.npmjs.org/@babel%2ftypes cache-miss
601 silly fetch manifest @babel/parser@^7.29.0
602 silly packumentCache full:https://registry.npmjs.org/@babel%2fparser cache-miss
603 silly fetch manifest @babel/helpers@^7.28.6
604 silly packumentCache full:https://registry.npmjs.org/@babel%2fhelpers cache-miss
605 silly fetch manifest @babel/template@^7.28.6
606 silly packumentCache full:https://registry.npmjs.org/@babel%2ftemplate cache-miss
607 http cache https://registry.npmjs.org/@babel%2fparser 73ms (cache hit)
608 silly packumentCache full:https://registry.npmjs.org/@babel%2fparser set size:718758 disposed:false
609 silly fetch manifest @babel/traverse@^7.29.0
610 silly packumentCache full:https://registry.npmjs.org/@babel%2ftraverse cache-miss
611 http fetch GET 200 https://registry.npmjs.org/gensync 168ms (cache miss)
612 silly packumentCache full:https://registry.npmjs.org/gensync set size:undefined disposed:false
613 silly fetch manifest @babel/generator@^7.29.0
614 silly packumentCache full:https://registry.npmjs.org/@babel%2fgenerator cache-miss
615 http fetch GET 200 https://registry.npmjs.org/json5 2566ms (cache miss)
616 silly packumentCache full:https://registry.npmjs.org/json5 set size:undefined disposed:false
617 silly fetch manifest @babel/code-frame@^7.29.0
618 silly packumentCache full:https://registry.npmjs.org/@babel%2fcode-frame cache-miss
619 http fetch GET 200 https://registry.npmjs.org/@babel%2ftemplate 3282ms (cache miss)
620 silly packumentCache full:https://registry.npmjs.org/@babel%2ftemplate set size:undefined disposed:false
621 silly fetch manifest convert-source-map@^2.0.0
622 silly packumentCache full:https://registry.npmjs.org/convert-source-map cache-miss
623 http fetch GET 200 https://registry.npmjs.org/convert-source-map 333ms (cache miss)
624 silly packumentCache full:https://registry.npmjs.org/convert-source-map set size:undefined disposed:false
625 silly fetch manifest @jridgewell/remapping@^2.3.5
626 silly packumentCache full:https://registry.npmjs.org/@jridgewell%2fremapping cache-miss
627 http fetch GET 200 https://registry.npmjs.org/@babel%2fcode-frame 1374ms (cache miss)
628 silly packumentCache full:https://registry.npmjs.org/@babel%2fcode-frame set size:undefined disposed:false
629 silly fetch manifest @babel/helper-module-transforms@^7.28.6
630 silly packumentCache full:https://registry.npmjs.org/@babel%2fhelper-module-transforms cache-miss
631 http fetch GET 200 https://registry.npmjs.org/@babel%2fhelpers 4102ms (cache miss)
632 silly packumentCache full:https://registry.npmjs.org/@babel%2fhelpers set size:undefined disposed:false
633 silly fetch manifest @babel/helper-compilation-targets@^7.28.6
634 silly packumentCache full:https://registry.npmjs.org/@babel%2fhelper-compilation-targets cache-miss
635 http fetch GET 200 https://registry.npmjs.org/semver 4187ms (cache miss)
636 silly packumentCache full:https://registry.npmjs.org/semver set size:undefined disposed:false
637 silly fetch manifest @babel/types@^7.29.0
638 silly packumentCache full:https://registry.npmjs.org/@babel%2ftypes cache-miss
639 http fetch GET 200 https://registry.npmjs.org/@jridgewell%2fremapping 605ms (cache miss)
640 silly packumentCache full:https://registry.npmjs.org/@jridgewell%2fremapping set size:undefined disposed:false
641 silly fetch manifest hermes-estree@0.25.1
642 silly packumentCache full:https://registry.npmjs.org/hermes-estree cache-miss
643 http fetch GET 200 https://registry.npmjs.org/@babel%2fgenerator 4124ms (cache miss)
644 silly packumentCache full:https://registry.npmjs.org/@babel%2fgenerator set size:undefined disposed:false
645 http fetch GET 200 https://registry.npmjs.org/@babel%2fhelper-module-transforms 351ms (cache miss)
646 silly packumentCache full:https://registry.npmjs.org/@babel%2fhelper-module-transforms set size:undefined disposed:false
647 http fetch GET 200 https://registry.npmjs.org/@babel%2fhelper-compilation-targets 211ms (cache miss)
648 silly packumentCache full:https://registry.npmjs.org/@babel%2fhelper-compilation-targets set size:undefined disposed:false
649 http fetch GET 200 https://registry.npmjs.org/@babel%2ftypes 4399ms (cache miss)
650 silly packumentCache full:https://registry.npmjs.org/@babel%2ftypes set size:undefined disposed:false
651 http fetch GET 200 https://registry.npmjs.org/@babel%2ftraverse 4304ms (cache miss)
652 silly packumentCache full:https://registry.npmjs.org/@babel%2ftraverse set size:undefined disposed:false
653 http fetch GET 200 https://registry.npmjs.org/@babel%2ftypes 1710ms (cache miss)
654 silly packumentCache full:https://registry.npmjs.org/@babel%2ftypes set size:undefined disposed:false
655 http fetch GET 200 https://registry.npmjs.org/hermes-estree 1680ms (cache miss)
656 silly packumentCache full:https://registry.npmjs.org/hermes-estree set size:undefined disposed:false
657 silly fetch manifest @babel/core@^7.0.0
658 silly packumentCache full:https://registry.npmjs.org/@babel%2fcore cache-hit
659 silly placeDep ROOT @babel/code-frame@7.29.0 OK for: @babel/core@7.29.0 want: ^7.29.0
660 silly placeDep ROOT @babel/generator@7.29.1 OK for: @babel/core@7.29.0 want: ^7.29.0
661 silly placeDep ROOT @babel/helper-compilation-targets@7.28.6 OK for: @babel/core@7.29.0 want: ^7.28.6
662 silly placeDep ROOT @babel/helper-module-transforms@7.28.6 OK for: @babel/core@7.29.0 want: ^7.28.6
663 silly placeDep ROOT @babel/helpers@7.29.2 OK for: @babel/core@7.29.0 want: ^7.28.6
664 silly placeDep ROOT @babel/template@7.28.6 OK for: @babel/core@7.29.0 want: ^7.28.6
665 silly placeDep ROOT @babel/traverse@7.29.0 OK for: @babel/core@7.29.0 want: ^7.29.0
666 silly placeDep ROOT @babel/types@7.29.0 OK for: @babel/core@7.29.0 want: ^7.29.0
667 silly placeDep ROOT @jridgewell/remapping@2.3.5 OK for: @babel/core@7.29.0 want: ^2.3.5
668 silly placeDep ROOT convert-source-map@2.0.0 OK for: @babel/core@7.29.0 want: ^2.0.0
669 silly placeDep ROOT gensync@1.0.0-beta.2 OK for: @babel/core@7.29.0 want: ^1.0.0-beta.2
670 silly placeDep ROOT json5@2.2.3 OK for: @babel/core@7.29.0 want: ^2.2.3
671 silly placeDep ROOT semver@6.3.1 OK for: @babel/core@7.29.0 want: ^6.3.1
672 silly fetch manifest js-tokens@^4.0.0
673 silly packumentCache full:https://registry.npmjs.org/js-tokens cache-miss
674 silly fetch manifest picocolors@^1.1.1
675 silly packumentCache full:https://registry.npmjs.org/picocolors cache-miss
676 silly fetch manifest @babel/helper-validator-identifier@^7.28.5
677 silly packumentCache full:https://registry.npmjs.org/@babel%2fhelper-validator-identifier cache-miss
678 silly fetch manifest jsesc@^3.0.2
679 silly packumentCache full:https://registry.npmjs.org/jsesc cache-miss
680 silly fetch manifest @jridgewell/gen-mapping@^0.3.12
681 silly packumentCache full:https://registry.npmjs.org/@jridgewell%2fgen-mapping cache-miss
682 silly fetch manifest @jridgewell/trace-mapping@^0.3.28
683 silly packumentCache full:https://registry.npmjs.org/@jridgewell%2ftrace-mapping cache-miss
684 silly fetch manifest lru-cache@^5.1.1
685 silly packumentCache full:https://registry.npmjs.org/lru-cache cache-miss
686 http fetch GET 200 https://registry.npmjs.org/picocolors 2773ms (cache miss)
687 silly packumentCache full:https://registry.npmjs.org/picocolors set size:undefined disposed:false
688 silly fetch manifest browserslist@^4.24.0
689 silly packumentCache full:https://registry.npmjs.org/browserslist cache-miss
690 http fetch GET 200 https://registry.npmjs.org/jsesc 2811ms (cache miss)
691 silly packumentCache full:https://registry.npmjs.org/jsesc set size:undefined disposed:false
692 silly fetch manifest @babel/compat-data@^7.28.6
693 silly packumentCache full:https://registry.npmjs.org/@babel%2fcompat-data cache-miss
694 http fetch GET 200 https://registry.npmjs.org/@jridgewell%2fgen-mapping 2858ms (cache miss)
695 silly packumentCache full:https://registry.npmjs.org/@jridgewell%2fgen-mapping set size:undefined disposed:false
696 silly fetch manifest @babel/helper-validator-option@^7.27.1
697 silly packumentCache full:https://registry.npmjs.org/@babel%2fhelper-validator-option cache-miss
698 http fetch GET 200 https://registry.npmjs.org/@jridgewell%2ftrace-mapping 2882ms (cache miss)
699 silly packumentCache full:https://registry.npmjs.org/@jridgewell%2ftrace-mapping set size:undefined disposed:false
700 silly fetch manifest @babel/traverse@^7.28.6
701 silly packumentCache full:https://registry.npmjs.org/@babel%2ftraverse cache-miss
702 http cache https://registry.npmjs.org/@babel%2ftraverse 19ms (cache hit)
703 silly packumentCache full:https://registry.npmjs.org/@babel%2ftraverse set size:548722 disposed:false
704 silly fetch manifest @babel/helper-module-imports@^7.28.6
705 silly packumentCache full:https://registry.npmjs.org/@babel%2fhelper-module-imports cache-miss
706 http fetch GET 200 https://registry.npmjs.org/js-tokens 3058ms (cache miss)
707 silly packumentCache full:https://registry.npmjs.org/js-tokens set size:undefined disposed:false
708 silly fetch manifest @babel/helper-validator-identifier@^7.28.5
709 silly packumentCache full:https://registry.npmjs.org/@babel%2fhelper-validator-identifier cache-miss
710 http fetch GET 200 https://registry.npmjs.org/@babel%2fhelper-validator-option 212ms (cache miss)
711 silly packumentCache full:https://registry.npmjs.org/@babel%2fhelper-validator-option set size:undefined disposed:false
712 silly fetch manifest @babel/types@^7.28.6
713 silly packumentCache full:https://registry.npmjs.org/@babel%2ftypes cache-miss
714 http cache https://registry.npmjs.org/@babel%2ftypes 22ms (cache hit)
715 silly packumentCache full:https://registry.npmjs.org/@babel%2ftypes set size:487885 disposed:false
716 silly fetch manifest @babel/helper-globals@^7.28.0
717 silly packumentCache full:https://registry.npmjs.org/@babel%2fhelper-globals cache-miss
718 http fetch GET 200 https://registry.npmjs.org/@babel%2fhelper-globals 1071ms (cache miss)
719 silly packumentCache full:https://registry.npmjs.org/@babel%2fhelper-globals set size:undefined disposed:false
720 silly fetch manifest @babel/helper-string-parser@^7.27.1
721 silly packumentCache full:https://registry.npmjs.org/@babel%2fhelper-string-parser cache-miss
722 http fetch GET 200 https://registry.npmjs.org/@babel%2fhelper-validator-identifier 1208ms (cache miss)
723 silly packumentCache full:https://registry.npmjs.org/@babel%2fhelper-validator-identifier set size:undefined disposed:false
724 silly fetch manifest @jridgewell/gen-mapping@^0.3.5
725 silly packumentCache full:https://registry.npmjs.org/@jridgewell%2fgen-mapping cache-miss
726 http cache https://registry.npmjs.org/@jridgewell%2fgen-mapping 23ms (cache hit)
727 silly packumentCache full:https://registry.npmjs.org/@jridgewell%2fgen-mapping set size:80719 disposed:false
728 silly fetch manifest @jridgewell/trace-mapping@^0.3.24
729 silly packumentCache full:https://registry.npmjs.org/@jridgewell%2ftrace-mapping cache-miss
730 http cache https://registry.npmjs.org/@jridgewell%2ftrace-mapping 40ms (cache hit)
731 silly packumentCache full:https://registry.npmjs.org/@jridgewell%2ftrace-mapping set size:170909 disposed:false
732 http fetch GET 200 https://registry.npmjs.org/browserslist 1636ms (cache miss)
733 silly packumentCache full:https://registry.npmjs.org/browserslist set size:undefined disposed:false
734 http fetch GET 200 https://registry.npmjs.org/@babel%2fhelper-string-parser 225ms (cache miss)
735 silly packumentCache full:https://registry.npmjs.org/@babel%2fhelper-string-parser set size:undefined disposed:false
736 http fetch GET 200 https://registry.npmjs.org/@babel%2fcompat-data 1655ms (cache miss)
737 silly packumentCache full:https://registry.npmjs.org/@babel%2fcompat-data set size:undefined disposed:false
738 http fetch GET 200 https://registry.npmjs.org/@babel%2fhelper-module-imports 2191ms (cache miss)
739 silly packumentCache full:https://registry.npmjs.org/@babel%2fhelper-module-imports set size:undefined disposed:false
740 http fetch GET 200 https://registry.npmjs.org/lru-cache 5148ms (cache miss)
741 silly packumentCache full:https://registry.npmjs.org/lru-cache set size:undefined disposed:false
742 http fetch GET 200 https://registry.npmjs.org/@babel%2fhelper-validator-identifier 5587ms (cache miss)
743 silly packumentCache full:https://registry.npmjs.org/@babel%2fhelper-validator-identifier set size:undefined disposed:false
744 silly placeDep ROOT @babel/helper-validator-identifier@7.28.5 OK for: @babel/code-frame@7.29.0 want: ^7.28.5
745 silly placeDep ROOT js-tokens@4.0.0 OK for: @babel/code-frame@7.29.0 want: ^4.0.0
746 silly placeDep ROOT picocolors@1.1.1 OK for: @babel/code-frame@7.29.0 want: ^1.1.1
747 silly placeDep ROOT @jridgewell/gen-mapping@0.3.13 OK for: @babel/generator@7.29.1 want: ^0.3.12
748 silly placeDep ROOT @jridgewell/trace-mapping@0.3.31 OK for: @babel/generator@7.29.1 want: ^0.3.28
749 silly placeDep ROOT jsesc@3.1.0 OK for: @babel/generator@7.29.1 want: ^3.0.2
750 silly fetch manifest @jridgewell/sourcemap-codec@^1.5.0
751 silly packumentCache full:https://registry.npmjs.org/@jridgewell%2fsourcemap-codec cache-miss
752 silly fetch manifest @jridgewell/resolve-uri@^3.1.0
753 silly packumentCache full:https://registry.npmjs.org/@jridgewell%2fresolve-uri cache-miss
754 silly fetch manifest @jridgewell/sourcemap-codec@^1.4.14
755 silly packumentCache full:https://registry.npmjs.org/@jridgewell%2fsourcemap-codec cache-miss
756 http fetch GET 200 https://registry.npmjs.org/@jridgewell%2fresolve-uri 204ms (cache miss)
757 silly packumentCache full:https://registry.npmjs.org/@jridgewell%2fresolve-uri set size:undefined disposed:false
758 http fetch GET 200 https://registry.npmjs.org/@jridgewell%2fsourcemap-codec 232ms (cache miss)
759 silly packumentCache full:https://registry.npmjs.org/@jridgewell%2fsourcemap-codec set size:undefined disposed:false
760 http fetch GET 200 https://registry.npmjs.org/@jridgewell%2fsourcemap-codec 258ms (cache miss)
761 silly packumentCache full:https://registry.npmjs.org/@jridgewell%2fsourcemap-codec set size:undefined disposed:false
762 silly placeDep ROOT @babel/compat-data@7.29.0 OK for: @babel/helper-compilation-targets@7.28.6 want: ^7.28.6
763 silly placeDep ROOT @babel/helper-validator-option@7.27.1 OK for: @babel/helper-compilation-targets@7.28.6 want: ^7.27.1
764 silly placeDep ROOT browserslist@4.28.2 OK for: @babel/helper-compilation-targets@7.28.6 want: ^4.24.0
765 silly placeDep ROOT lru-cache@5.1.1 OK for: @babel/helper-compilation-targets@7.28.6 want: ^5.1.1
766 silly fetch manifest baseline-browser-mapping@^2.10.12
767 silly packumentCache full:https://registry.npmjs.org/baseline-browser-mapping cache-miss
768 silly fetch manifest caniuse-lite@^1.0.30001782
769 silly packumentCache full:https://registry.npmjs.org/caniuse-lite cache-miss
770 silly fetch manifest electron-to-chromium@^1.5.328
771 silly packumentCache full:https://registry.npmjs.org/electron-to-chromium cache-miss
772 silly fetch manifest node-releases@^2.0.36
773 silly packumentCache full:https://registry.npmjs.org/node-releases cache-miss
774 silly fetch manifest update-browserslist-db@^1.2.3
775 silly packumentCache full:https://registry.npmjs.org/update-browserslist-db cache-miss
776 silly fetch manifest yallist@^3.0.2
777 silly packumentCache full:https://registry.npmjs.org/yallist cache-miss
778 http fetch GET 200 https://registry.npmjs.org/update-browserslist-db 1163ms (cache miss)
779 silly packumentCache full:https://registry.npmjs.org/update-browserslist-db set size:undefined disposed:false
780 http fetch GET 200 https://registry.npmjs.org/yallist 3185ms (cache miss)
781 silly packumentCache full:https://registry.npmjs.org/yallist set size:undefined disposed:false
782 http fetch GET 200 https://registry.npmjs.org/node-releases 8059ms (cache miss)
783 silly packumentCache full:https://registry.npmjs.org/node-releases set size:undefined disposed:false
784 http fetch GET 200 https://registry.npmjs.org/baseline-browser-mapping 10445ms (cache miss)
785 silly packumentCache full:https://registry.npmjs.org/baseline-browser-mapping set size:undefined disposed:false
786 http fetch GET 200 https://registry.npmjs.org/electron-to-chromium 17539ms (cache miss)
787 silly packumentCache full:https://registry.npmjs.org/electron-to-chromium set size:undefined disposed:false
788 http fetch GET 200 https://registry.npmjs.org/caniuse-lite 20525ms (cache miss)
789 silly packumentCache full:https://registry.npmjs.org/caniuse-lite set size:undefined disposed:false
790 silly placeDep ROOT @babel/helper-module-imports@7.28.6 OK for: @babel/helper-module-transforms@7.28.6 want: ^7.28.6
791 silly placeDep ROOT @babel/helper-globals@7.28.0 OK for: @babel/traverse@7.29.0 want: ^7.28.0
792 silly placeDep ROOT @babel/helper-string-parser@7.27.1 OK for: @babel/types@7.29.0 want: ^7.27.1
793 silly placeDep ROOT @jridgewell/sourcemap-codec@1.5.5 OK for: @jridgewell/gen-mapping@0.3.13 want: ^1.5.0
794 silly placeDep ROOT @jridgewell/resolve-uri@3.1.2 OK for: @jridgewell/trace-mapping@0.3.31 want: ^3.1.0
795 silly fetch manifest browserslist@>= 4.21.0
796 silly packumentCache full:https://registry.npmjs.org/browserslist cache-miss
797 http cache https://registry.npmjs.org/browserslist 38ms (cache hit)
798 silly packumentCache full:https://registry.npmjs.org/browserslist set size:504681 disposed:false
799 silly placeDep ROOT baseline-browser-mapping@2.10.18 OK for: browserslist@4.28.2 want: ^2.10.12
800 silly placeDep ROOT caniuse-lite@1.0.30001788 OK for: browserslist@4.28.2 want: ^1.0.30001782
801 silly placeDep ROOT electron-to-chromium@1.5.336 OK for: browserslist@4.28.2 want: ^1.5.328
802 silly placeDep ROOT node-releases@2.0.37 OK for: browserslist@4.28.2 want: ^2.0.36
803 silly placeDep ROOT update-browserslist-db@1.2.3 OK for: browserslist@4.28.2 want: ^1.2.3
804 silly fetch manifest escalade@^3.2.0
805 silly packumentCache full:https://registry.npmjs.org/escalade cache-miss
806 http fetch GET 200 https://registry.npmjs.org/escalade 263ms (cache miss)
807 silly packumentCache full:https://registry.npmjs.org/escalade set size:undefined disposed:false
808 silly placeDep ROOT esrecurse@4.3.0 OK for: eslint-scope@8.4.0 want: ^4.3.0
809 silly placeDep ROOT estraverse@5.3.0 OK for: eslint-scope@8.4.0 want: ^5.2.0
810 silly placeDep ROOT acorn@8.16.0 OK for: espree@10.4.0 want: ^8.15.0
811 silly placeDep ROOT acorn-jsx@5.3.2 OK for: espree@10.4.0 want: ^5.3.2
812 silly placeDep ROOT flat-cache@4.0.1 OK for: file-entry-cache@8.0.0 want: ^4.0.0
813 silly fetch manifest keyv@^4.5.4
814 silly packumentCache full:https://registry.npmjs.org/keyv cache-miss
815 silly fetch manifest flatted@^3.2.9
816 silly packumentCache full:https://registry.npmjs.org/flatted cache-miss
817 http fetch GET 200 https://registry.npmjs.org/flatted 256ms (cache miss)
818 silly packumentCache full:https://registry.npmjs.org/flatted set size:undefined disposed:false
819 http fetch GET 200 https://registry.npmjs.org/keyv 352ms (cache miss)
820 silly packumentCache full:https://registry.npmjs.org/keyv set size:undefined disposed:false
821 silly placeDep ROOT locate-path@6.0.0 OK for: find-up@5.0.0 want: ^6.0.0
822 silly placeDep ROOT path-exists@4.0.0 OK for: find-up@5.0.0 want: ^4.0.0
823 silly fetch manifest p-locate@^5.0.0
824 silly packumentCache full:https://registry.npmjs.org/p-locate cache-miss
825 http fetch GET 200 https://registry.npmjs.org/p-locate 173ms (cache miss)
826 silly packumentCache full:https://registry.npmjs.org/p-locate set size:undefined disposed:false
827 silly placeDep ROOT flatted@3.4.2 OK for: flat-cache@4.0.1 want: ^3.2.9
828 silly placeDep ROOT keyv@4.5.4 OK for: flat-cache@4.0.1 want: ^4.5.4
829 silly fetch manifest json-buffer@3.0.1
830 silly packumentCache full:https://registry.npmjs.org/json-buffer cache-miss
831 http fetch GET 200 https://registry.npmjs.org/json-buffer 898ms (cache miss)
832 silly packumentCache full:https://registry.npmjs.org/json-buffer set size:undefined disposed:false
833 silly placeDep ROOT hermes-estree@0.25.1 OK for: hermes-parser@0.25.1 want: 0.25.1
834 silly placeDep ROOT parent-module@1.0.1 OK for: import-fresh@3.3.1 want: ^1.0.0
835 silly placeDep ROOT resolve-from@4.0.0 OK for: import-fresh@3.3.1 want: ^4.0.0
836 silly fetch manifest callsites@^3.0.0
837 silly packumentCache full:https://registry.npmjs.org/callsites cache-miss
838 http fetch GET 200 https://registry.npmjs.org/callsites 137ms (cache miss)
839 silly packumentCache full:https://registry.npmjs.org/callsites set size:undefined disposed:false
840 silly placeDep ROOT is-extglob@2.1.1 OK for: is-glob@4.0.3 want: ^2.1.1
841 silly placeDep ROOT argparse@2.0.1 OK for: js-yaml@4.1.1 want: ^2.0.1
842 silly placeDep ROOT json-buffer@3.0.1 OK for: keyv@4.5.4 want: 3.0.1
843 silly placeDep ROOT prelude-ls@1.2.1 OK for: levn@0.4.1 want: ^1.2.1
844 silly placeDep ROOT type-check@0.4.0 OK for: levn@0.4.1 want: ~0.4.0
845 silly placeDep ROOT p-locate@5.0.0 OK for: locate-path@6.0.0 want: ^5.0.0
846 silly fetch manifest p-limit@^3.0.2
847 silly packumentCache full:https://registry.npmjs.org/p-limit cache-miss
848 http fetch GET 200 https://registry.npmjs.org/p-limit 183ms (cache miss)
849 silly packumentCache full:https://registry.npmjs.org/p-limit set size:undefined disposed:false
850 silly placeDep ROOT yallist@3.1.1 OK for: lru-cache@5.1.1 want: ^3.0.2
851 silly placeDep ROOT brace-expansion@1.1.14 OK for: minimatch@3.1.5 want: ^1.1.7
852 silly fetch manifest concat-map@0.0.1
853 silly packumentCache full:https://registry.npmjs.org/concat-map cache-miss
854 silly fetch manifest balanced-match@^1.0.0
855 silly packumentCache full:https://registry.npmjs.org/balanced-match cache-miss
856 http fetch GET 200 https://registry.npmjs.org/concat-map 123ms (cache miss)
857 silly packumentCache full:https://registry.npmjs.org/concat-map set size:undefined disposed:false
858 http fetch GET 200 https://registry.npmjs.org/balanced-match 136ms (cache miss)
859 silly packumentCache full:https://registry.npmjs.org/balanced-match set size:undefined disposed:false
860 silly placeDep ROOT balanced-match@1.0.2 OK for: brace-expansion@1.1.14 want: ^1.0.0
861 silly placeDep ROOT concat-map@0.0.1 OK for: brace-expansion@1.1.14 want: 0.0.1
862 silly placeDep ROOT deep-is@0.1.4 OK for: optionator@0.9.4 want: ^0.1.3
863 silly placeDep ROOT fast-levenshtein@2.0.6 OK for: optionator@0.9.4 want: ^2.0.6
864 silly placeDep ROOT word-wrap@1.2.5 OK for: optionator@0.9.4 want: ^1.2.5
865 silly placeDep ROOT p-limit@3.1.0 OK for: p-locate@5.0.0 want: ^3.0.2
866 silly fetch manifest yocto-queue@^0.1.0
867 silly packumentCache full:https://registry.npmjs.org/yocto-queue cache-miss
868 http fetch GET 200 https://registry.npmjs.org/yocto-queue 115ms (cache miss)
869 silly packumentCache full:https://registry.npmjs.org/yocto-queue set size:undefined disposed:false
870 silly placeDep ROOT yocto-queue@0.1.0 OK for: p-limit@3.1.0 want: ^0.1.0
871 silly placeDep ROOT callsites@3.1.0 OK for: parent-module@1.0.1 want: ^3.0.0
872 silly placeDep ROOT scheduler@0.27.0 OK for: react-dom@19.2.5 want: ^0.27.0
873 silly placeDep ROOT shebang-regex@3.0.0 OK for: shebang-command@2.0.0 want: ^3.0.0
874 silly placeDep ROOT has-flag@4.0.0 OK for: supports-color@7.2.0 want: ^4.0.0
875 silly placeDep ROOT escalade@3.2.0 OK for: update-browserslist-db@1.2.3 want: ^3.2.0
876 silly placeDep ROOT punycode@2.3.1 OK for: uri-js@4.4.1 want: ^2.1.0
877 silly placeDep ROOT fsevents@2.3.3 OK for: vite@8.0.8 want: ~2.3.3
878 silly placeDep ROOT lightningcss@1.32.0 OK for: vite@8.0.8 want: ^1.32.0
879 silly placeDep ROOT picomatch@4.0.4 OK for: vite@8.0.8 want: ^4.0.4
880 silly placeDep ROOT postcss@8.5.9 OK for: vite@8.0.8 want: ^8.5.8
881 silly placeDep ROOT rolldown@1.0.0-rc.15 OK for: vite@8.0.8 want: 1.0.0-rc.15
882 silly placeDep ROOT tinyglobby@0.2.16 OK for: vite@8.0.8 want: ^0.2.15
883 silly fetch manifest detect-libc@^2.0.3
884 silly packumentCache full:https://registry.npmjs.org/detect-libc cache-miss
885 silly fetch manifest lightningcss-darwin-x64@1.32.0
886 silly packumentCache full:https://registry.npmjs.org/lightningcss-darwin-x64 cache-miss
887 silly fetch manifest lightningcss-linux-x64-gnu@1.32.0
888 silly packumentCache full:https://registry.npmjs.org/lightningcss-linux-x64-gnu cache-miss
889 silly fetch manifest lightningcss-win32-x64-msvc@1.32.0
890 silly packumentCache full:https://registry.npmjs.org/lightningcss-win32-x64-msvc cache-miss
891 silly fetch manifest lightningcss-win32-arm64-msvc@1.32.0
892 silly packumentCache full:https://registry.npmjs.org/lightningcss-win32-arm64-msvc cache-miss
893 silly fetch manifest lightningcss-darwin-arm64@1.32.0
894 silly packumentCache full:https://registry.npmjs.org/lightningcss-darwin-arm64 cache-miss
895 silly fetch manifest lightningcss-linux-arm64-gnu@1.32.0
896 silly packumentCache full:https://registry.npmjs.org/lightningcss-linux-arm64-gnu cache-miss
897 http fetch GET 200 https://registry.npmjs.org/detect-libc 141ms (cache miss)
898 silly packumentCache full:https://registry.npmjs.org/detect-libc set size:undefined disposed:false
899 silly fetch manifest lightningcss-linux-arm-gnueabihf@1.32.0
900 silly packumentCache full:https://registry.npmjs.org/lightningcss-linux-arm-gnueabihf cache-miss
901 http fetch GET 200 https://registry.npmjs.org/lightningcss-win32-arm64-msvc 241ms (cache miss)
902 silly packumentCache full:https://registry.npmjs.org/lightningcss-win32-arm64-msvc set size:undefined disposed:false
903 silly fetch manifest lightningcss-linux-arm64-musl@1.32.0
904 silly packumentCache full:https://registry.npmjs.org/lightningcss-linux-arm64-musl cache-miss
905 http fetch GET 200 https://registry.npmjs.org/lightningcss-linux-x64-gnu 278ms (cache miss)
906 silly packumentCache full:https://registry.npmjs.org/lightningcss-linux-x64-gnu set size:undefined disposed:false
907 silly fetch manifest lightningcss-linux-x64-musl@1.32.0
908 silly packumentCache full:https://registry.npmjs.org/lightningcss-linux-x64-musl cache-miss
909 http fetch GET 200 https://registry.npmjs.org/lightningcss-win32-x64-msvc 300ms (cache miss)
910 silly packumentCache full:https://registry.npmjs.org/lightningcss-win32-x64-msvc set size:undefined disposed:false
911 silly fetch manifest lightningcss-freebsd-x64@1.32.0
912 silly packumentCache full:https://registry.npmjs.org/lightningcss-freebsd-x64 cache-miss
913 http fetch GET 200 https://registry.npmjs.org/lightningcss-linux-arm64-gnu 322ms (cache miss)
914 silly packumentCache full:https://registry.npmjs.org/lightningcss-linux-arm64-gnu set size:undefined disposed:false
915 silly fetch manifest lightningcss-android-arm64@1.32.0
916 silly packumentCache full:https://registry.npmjs.org/lightningcss-android-arm64 cache-miss
917 http fetch GET 200 https://registry.npmjs.org/lightningcss-darwin-arm64 351ms (cache miss)
918 silly packumentCache full:https://registry.npmjs.org/lightningcss-darwin-arm64 set size:undefined disposed:false
919 silly fetch manifest nanoid@^3.3.11
920 silly packumentCache full:https://registry.npmjs.org/nanoid cache-miss
921 http fetch GET 200 https://registry.npmjs.org/lightningcss-linux-arm-gnueabihf 273ms (cache miss)
922 silly packumentCache full:https://registry.npmjs.org/lightningcss-linux-arm-gnueabihf set size:undefined disposed:false
923 silly fetch manifest source-map-js@^1.2.1
924 silly packumentCache full:https://registry.npmjs.org/source-map-js cache-miss
925 http fetch GET 200 https://registry.npmjs.org/lightningcss-darwin-x64 447ms (cache miss)
926 silly packumentCache full:https://registry.npmjs.org/lightningcss-darwin-x64 set size:undefined disposed:false
927 silly fetch manifest @oxc-project/types@=0.124.0
928 silly packumentCache full:https://registry.npmjs.org/@oxc-project%2ftypes cache-miss
929 http fetch GET 200 https://registry.npmjs.org/lightningcss-linux-arm64-musl 207ms (cache miss)
930 silly packumentCache full:https://registry.npmjs.org/lightningcss-linux-arm64-musl set size:undefined disposed:false
931 silly fetch manifest @rolldown/pluginutils@1.0.0-rc.15
932 silly packumentCache full:https://registry.npmjs.org/@rolldown%2fpluginutils cache-miss
933 http cache https://registry.npmjs.org/@rolldown%2fpluginutils 15ms (cache hit)
934 silly packumentCache full:https://registry.npmjs.org/@rolldown%2fpluginutils set size:284463 disposed:false
935 silly fetch manifest @rolldown/binding-darwin-x64@1.0.0-rc.15
936 silly packumentCache full:https://registry.npmjs.org/@rolldown%2fbinding-darwin-x64 cache-miss
937 http fetch GET 200 https://registry.npmjs.org/source-map-js 115ms (cache miss)
938 silly packumentCache full:https://registry.npmjs.org/source-map-js set size:undefined disposed:false
939 silly fetch manifest @rolldown/binding-win32-x64-msvc@1.0.0-rc.15
940 silly packumentCache full:https://registry.npmjs.org/@rolldown%2fbinding-win32-x64-msvc cache-miss
941 http fetch GET 200 https://registry.npmjs.org/nanoid 406ms (cache miss)
942 silly packumentCache full:https://registry.npmjs.org/nanoid set size:undefined disposed:false
943 silly fetch manifest @rolldown/binding-linux-x64-gnu@1.0.0-rc.15
944 silly packumentCache full:https://registry.npmjs.org/@rolldown%2fbinding-linux-x64-gnu cache-miss
